// Jest Snapshot v1, https://goo.gl/fbAQLP

exports[`Button renders without error 1`] = `
<button
  className="css-wwcn44"
>
  Hello World
</button>
`;
