// Jest Snapshot v1, https://goo.gl/fbAQLP

exports[`Launch Detail View render snapshot 1`] = `
<div
  className="css-1wwf220"
  style={
    Object {
      "backgroundImage": "url(iss.jpg)",
    }
  }
>
  <h3>
    that one
     (
    big
    )
  </h3>
  <h5>
    earth
  </h5>
</div>
`;
