// Jest Snapshot v1, https://goo.gl/fbAQLP

exports[`Loading render snapshot 1`] = `
<svg
  className="css-kahotv"
>
  logo.svg
</svg>
`;
