// Jest Snapshot v1, https://goo.gl/fbAQLP

exports[`Login Form render snapshot 1`] = `
<div
  className="css-12broor"
>
  <header
    className="css-1eziyva"
  >
    <svg
      className="css-185ttn6"
    >
      curve.svg
    </svg>
    <svg
      className="css-4ejw8t"
    >
      logo.svg
    </svg>
  </header>
  <svg
    className="css-1yz0juk"
  >
    rocket.svg
  </svg>
  <h1
    className="css-1r0stgl"
  >
    Space Explorer
  </h1>
  <form
    className="css-ccdq42"
    onSubmit={[Function]}
  >
    <input
      className="css-wotvke"
      data-testid="login-input"
      name="email"
      onChange={[Function]}
      placeholder="Email"
      required={true}
      type="email"
    />
    <button
      className="css-wwcn44"
      type="submit"
    >
      Log in
    </button>
  </form>
</div>
`;

exports[`Login Form renders without error 1`] = `
<div
  className="css-12broor"
>
  <header
    className="css-1eziyva"
  >
    <svg
      className="css-185ttn6"
    >
      curve.svg
    </svg>
    <svg
      className="css-4ejw8t"
    >
      logo.svg
    </svg>
  </header>
  <svg
    className="css-1yz0juk"
  >
    rocket.svg
  </svg>
  <h1
    className="css-1r0stgl"
  >
    Space Explorer
  </h1>
  <form
    className="css-ccdq42"
    onSubmit={[Function]}
  >
    <input
      className="css-wotvke"
      data-testid="login-input"
      name="email"
      onChange={[Function]}
      placeholder="Email"
      required={true}
      type="email"
    />
    <button
      className="css-wwcn44"
      type="submit"
    >
      Log in
    </button>
  </form>
</div>
`;
