// Jest Snapshot v1, https://goo.gl/fbAQLP

exports[`Page Container render snapshot 1`] = `
Array [
  <div
    className="css-k2u1cc"
  />,
  <div
    className="css-1on771l"
  />,
]
`;
