// Jest Snapshot v1, https://goo.gl/fbAQLP

exports[`cart item render snapshot 1`] = `
<p>
  Loading...
</p>
`;
